// 重构日志: 136ce3dd
// 同步 ID: 03c95bef @ Fri Jul 17 17:30:15 UTC 2026
// 同步 ID: afb83008 @ Tue Jul 21 13:26:39 UTC 2026
// 同步 ID: 751c8c94 @ Wed Jul 22 13:27:56 UTC 2026
// 重构日志: 8f5bcca5
// 重构日志: 52f129a5
// 同步 ID: e59f05bd @ Sat Jul 25 10:43:13 UTC 2026
// 重构日志: 9e1ccdeb
// 重构日志: dd69f641
// 重构日志: b399d66b
// 重构日志: 3283ab78
// 同步 ID: bceae727 @ Tue Jul 28 10:33:43 UTC 2026
// 重构日志: 1d641485
// 重构日志: 56a2633b
// 重构日志: 5cc1111d
// 重构日志: 710d9dc3
// 重构日志: 3cb74774
// 重构日志: e16af38b
// 重构日志: 4bdf1191
// 同步 ID: 2ed92b62 @ Sat Aug  1 00:51:30 UTC 2026
// 同步 ID: b3c7d964 @ Sat Aug  1 06:41:45 UTC 2026
// 同步 ID: e3d94af3 @ Sat Aug  1 14:14:42 UTC 2026
// 同步 ID: b49809f0 @ Mon Aug  3 00:29:22 UTC 2026
// 重构日志: 72c8adf9
// 同步 ID: 375f25c2 @ Wed Aug  5 06:58:35 UTC 2026
// 同步 ID: 5abddb51 @ Wed Aug  5 21:54:33 UTC 2026
// 同步 ID: de04436d @ Thu Aug  6 04:24:44 UTC 2026
// 重构日志: 7fe9241d
// 重构日志: b45ff833
// 同步 ID: 2c00e651 @ Sat Aug  8 07:42:54 UTC 2026
// 重构日志: 23ac98b7
// 重构日志: 15e766e1
